Loading db file '/vlsidl/dk/TSMC/tcbn65lp/TSMCHOME/digital/Front_End/timing_power_noise/CCS/tcbn65lp_200a/tcbn65lptc_ccs.db'
Information: Propagating switching activity (low effort zero delay simulation). (PWR-6)
Warning: Design has unannotated primary inputs. (PWR-414)
Warning: Design has unannotated sequential cell outputs. (PWR-415)
 
****************************************
Report : power
        -analysis_effort low
Design : cam
Version: I-2013.12-SP1
Date   : Thu Oct  9 14:15:19 2014
****************************************


Library(s) Used:

    tcbn65lptc_ccs (File: /vlsidl/dk/TSMC/tcbn65lp/TSMCHOME/digital/Front_End/timing_power_noise/CCS/tcbn65lp_200a/tcbn65lptc_ccs.db)


Operating Conditions: NCCOM   Library: tcbn65lptc_ccs
Wire Load Model Mode: segmented

Design        Wire Load Model            Library
------------------------------------------------
cam                    TSMC8K_Lowk_Conservative
                                         tcbn65lptc_ccs
cam_word_0             ZeroWireload      tcbn65lptc_ccs
cam_word_1             ZeroWireload      tcbn65lptc_ccs
cam_word_2             ZeroWireload      tcbn65lptc_ccs
cam_word_3             ZeroWireload      tcbn65lptc_ccs
cam_word_4             ZeroWireload      tcbn65lptc_ccs
cam_word_5             ZeroWireload      tcbn65lptc_ccs
cam_word_6             ZeroWireload      tcbn65lptc_ccs
cam_word_7             ZeroWireload      tcbn65lptc_ccs
cam_word_8             ZeroWireload      tcbn65lptc_ccs
cam_word_9             ZeroWireload      tcbn65lptc_ccs
cam_word_10            ZeroWireload      tcbn65lptc_ccs
cam_word_11            ZeroWireload      tcbn65lptc_ccs
cam_word_12            ZeroWireload      tcbn65lptc_ccs
cam_word_13            ZeroWireload      tcbn65lptc_ccs
cam_word_14            ZeroWireload      tcbn65lptc_ccs
cam_word_15            ZeroWireload      tcbn65lptc_ccs
cam_word_16            ZeroWireload      tcbn65lptc_ccs
cam_word_17            ZeroWireload      tcbn65lptc_ccs
cam_word_18            ZeroWireload      tcbn65lptc_ccs
cam_word_19            ZeroWireload      tcbn65lptc_ccs
cam_word_20            ZeroWireload      tcbn65lptc_ccs
cam_word_21            ZeroWireload      tcbn65lptc_ccs
cam_word_22            ZeroWireload      tcbn65lptc_ccs
cam_word_23            ZeroWireload      tcbn65lptc_ccs
cam_word_24            ZeroWireload      tcbn65lptc_ccs
cam_word_25            ZeroWireload      tcbn65lptc_ccs
cam_word_26            ZeroWireload      tcbn65lptc_ccs
cam_word_27            ZeroWireload      tcbn65lptc_ccs
cam_word_28            ZeroWireload      tcbn65lptc_ccs
cam_word_29            ZeroWireload      tcbn65lptc_ccs
cam_word_30            ZeroWireload      tcbn65lptc_ccs
cam_word_31            ZeroWireload      tcbn65lptc_ccs
decoder_5_32_1         ZeroWireload      tcbn65lptc_ccs
priority_encoder       ZeroWireload      tcbn65lptc_ccs
mux                    ZeroWireload      tcbn65lptc_ccs
decoder_5_32_0         ZeroWireload      tcbn65lptc_ccs


Global Operating Voltage = 1.2  
Power-specific unit information :
    Voltage Units = 1V
    Capacitance Units = 1.000000pf
    Time Units = 1ns
    Dynamic Power Units = 1mW    (derived from V,C,T units)
    Leakage Power Units = 1nW


  Cell Internal Power  =   4.0382 mW   (98%)
  Net Switching Power  =  81.5078 uW    (2%)
                         ---------
Total Dynamic Power    =   4.1197 mW  (100%)

Cell Leakage Power     = 557.7512 nW


                 Internal         Switching           Leakage            Total
Power Group      Power            Power               Power              Power   (   %    )  Attrs
--------------------------------------------------------------------------------------------------
io_pad             0.0000            0.0000            0.0000            0.0000  (   0.00%)
memory             0.0000            0.0000            0.0000            0.0000  (   0.00%)
black_box          0.0000            0.0000            0.0000            0.0000  (   0.00%)
clock_network      0.0000            0.0000            0.0000            0.0000  (   0.00%)
register           3.9686        4.4703e-03          326.1301            3.9733  (  96.43%)
sequential         0.0000            0.0000            0.0000            0.0000  (   0.00%)
combinational  6.9618e-02        7.7038e-02          231.6211            0.1469  (   3.57%)
--------------------------------------------------------------------------------------------------
Total              4.0382 mW     8.1508e-02 mW       557.7512 nW         4.1202 mW
1
