 
****************************************
Report : compile_options
Design : cam
Version: I-2013.12-SP1
Date   : Wed Oct  8 23:31:02 2014
****************************************

Design                                   Compile Option         Value
--------------------------------------------------------------------------------
cam                                      flatten                false
                                         structure              true
                                         structure_boolean      false
                                         structure_timing       true
                                         fix_multiple_port_nets feedthroughs
                                                                constants
                                                                outputs
                                                                buffer_constants
                                         isolate_port           disabled

cam_word_0                               flatten                false
                                         structure              true
                                         structure_boolean      false
                                         structure_timing       true

FF_WIDTH32_0                             flatten                false
                                         structure              true
                                         structure_boolean      false
                                         structure_timing       true

FF_0                                     flatten                false
                                         structure              true
                                         structure_boolean      false
                                         structure_timing       true

cam_word_1                               flatten                false
                                         structure              true
                                         structure_boolean      false
                                         structure_timing       true

FF_WIDTH32_1                             flatten                false
                                         structure              true
                                         structure_boolean      false
                                         structure_timing       true

FF_1                                     flatten                false
                                         structure              true
                                         structure_boolean      false
                                         structure_timing       true

cam_word_2                               flatten                false
                                         structure              true
                                         structure_boolean      false
                                         structure_timing       true

FF_WIDTH32_2                             flatten                false
                                         structure              true
                                         structure_boolean      false
                                         structure_timing       true

FF_2                                     flatten                false
                                         structure              true
                                         structure_boolean      false
                                         structure_timing       true

cam_word_3                               flatten                false
                                         structure              true
                                         structure_boolean      false
                                         structure_timing       true

FF_WIDTH32_3                             flatten                false
                                         structure              true
                                         structure_boolean      false
                                         structure_timing       true

FF_3                                     flatten                false
                                         structure              true
                                         structure_boolean      false
                                         structure_timing       true

cam_word_4                               flatten                false
                                         structure              true
                                         structure_boolean      false
                                         structure_timing       true

FF_WIDTH32_4                             flatten                false
                                         structure              true
                                         structure_boolean      false
                                         structure_timing       true

FF_4                                     flatten                false
                                         structure              true
                                         structure_boolean      false
                                         structure_timing       true

cam_word_5                               flatten                false
                                         structure              true
                                         structure_boolean      false
                                         structure_timing       true

FF_WIDTH32_5                             flatten                false
                                         structure              true
                                         structure_boolean      false
                                         structure_timing       true

FF_5                                     flatten                false
                                         structure              true
                                         structure_boolean      false
                                         structure_timing       true

cam_word_6                               flatten                false
                                         structure              true
                                         structure_boolean      false
                                         structure_timing       true

FF_WIDTH32_6                             flatten                false
                                         structure              true
                                         structure_boolean      false
                                         structure_timing       true

FF_6                                     flatten                false
                                         structure              true
                                         structure_boolean      false
                                         structure_timing       true

cam_word_7                               flatten                false
                                         structure              true
                                         structure_boolean      false
                                         structure_timing       true

FF_WIDTH32_7                             flatten                false
                                         structure              true
                                         structure_boolean      false
                                         structure_timing       true

FF_7                                     flatten                false
                                         structure              true
                                         structure_boolean      false
                                         structure_timing       true

cam_word_8                               flatten                false
                                         structure              true
                                         structure_boolean      false
                                         structure_timing       true

FF_WIDTH32_8                             flatten                false
                                         structure              true
                                         structure_boolean      false
                                         structure_timing       true

FF_8                                     flatten                false
                                         structure              true
                                         structure_boolean      false
                                         structure_timing       true

cam_word_9                               flatten                false
                                         structure              true
                                         structure_boolean      false
                                         structure_timing       true

FF_WIDTH32_9                             flatten                false
                                         structure              true
                                         structure_boolean      false
                                         structure_timing       true

FF_9                                     flatten                false
                                         structure              true
                                         structure_boolean      false
                                         structure_timing       true

cam_word_10                              flatten                false
                                         structure              true
                                         structure_boolean      false
                                         structure_timing       true

FF_WIDTH32_10                            flatten                false
                                         structure              true
                                         structure_boolean      false
                                         structure_timing       true

FF_10                                    flatten                false
                                         structure              true
                                         structure_boolean      false
                                         structure_timing       true

cam_word_11                              flatten                false
                                         structure              true
                                         structure_boolean      false
                                         structure_timing       true

FF_WIDTH32_11                            flatten                false
                                         structure              true
                                         structure_boolean      false
                                         structure_timing       true

FF_11                                    flatten                false
                                         structure              true
                                         structure_boolean      false
                                         structure_timing       true

cam_word_12                              flatten                false
                                         structure              true
                                         structure_boolean      false
                                         structure_timing       true

FF_WIDTH32_12                            flatten                false
                                         structure              true
                                         structure_boolean      false
                                         structure_timing       true

FF_12                                    flatten                false
                                         structure              true
                                         structure_boolean      false
                                         structure_timing       true

cam_word_13                              flatten                false
                                         structure              true
                                         structure_boolean      false
                                         structure_timing       true

FF_WIDTH32_13                            flatten                false
                                         structure              true
                                         structure_boolean      false
                                         structure_timing       true

FF_13                                    flatten                false
                                         structure              true
                                         structure_boolean      false
                                         structure_timing       true

cam_word_14                              flatten                false
                                         structure              true
                                         structure_boolean      false
                                         structure_timing       true

FF_WIDTH32_14                            flatten                false
                                         structure              true
                                         structure_boolean      false
                                         structure_timing       true

FF_14                                    flatten                false
                                         structure              true
                                         structure_boolean      false
                                         structure_timing       true

cam_word_15                              flatten                false
                                         structure              true
                                         structure_boolean      false
                                         structure_timing       true

FF_WIDTH32_15                            flatten                false
                                         structure              true
                                         structure_boolean      false
                                         structure_timing       true

FF_15                                    flatten                false
                                         structure              true
                                         structure_boolean      false
                                         structure_timing       true

cam_word_16                              flatten                false
                                         structure              true
                                         structure_boolean      false
                                         structure_timing       true

FF_WIDTH32_16                            flatten                false
                                         structure              true
                                         structure_boolean      false
                                         structure_timing       true

FF_16                                    flatten                false
                                         structure              true
                                         structure_boolean      false
                                         structure_timing       true

cam_word_17                              flatten                false
                                         structure              true
                                         structure_boolean      false
                                         structure_timing       true

FF_WIDTH32_17                            flatten                false
                                         structure              true
                                         structure_boolean      false
                                         structure_timing       true

FF_17                                    flatten                false
                                         structure              true
                                         structure_boolean      false
                                         structure_timing       true

cam_word_18                              flatten                false
                                         structure              true
                                         structure_boolean      false
                                         structure_timing       true

FF_WIDTH32_18                            flatten                false
                                         structure              true
                                         structure_boolean      false
                                         structure_timing       true

FF_18                                    flatten                false
                                         structure              true
                                         structure_boolean      false
                                         structure_timing       true

cam_word_19                              flatten                false
                                         structure              true
                                         structure_boolean      false
                                         structure_timing       true

FF_WIDTH32_19                            flatten                false
                                         structure              true
                                         structure_boolean      false
                                         structure_timing       true

FF_19                                    flatten                false
                                         structure              true
                                         structure_boolean      false
                                         structure_timing       true

cam_word_20                              flatten                false
                                         structure              true
                                         structure_boolean      false
                                         structure_timing       true

FF_WIDTH32_20                            flatten                false
                                         structure              true
                                         structure_boolean      false
                                         structure_timing       true

FF_20                                    flatten                false
                                         structure              true
                                         structure_boolean      false
                                         structure_timing       true

cam_word_21                              flatten                false
                                         structure              true
                                         structure_boolean      false
                                         structure_timing       true

FF_WIDTH32_21                            flatten                false
                                         structure              true
                                         structure_boolean      false
                                         structure_timing       true

FF_21                                    flatten                false
                                         structure              true
                                         structure_boolean      false
                                         structure_timing       true

cam_word_22                              flatten                false
                                         structure              true
                                         structure_boolean      false
                                         structure_timing       true

FF_WIDTH32_22                            flatten                false
                                         structure              true
                                         structure_boolean      false
                                         structure_timing       true

FF_22                                    flatten                false
                                         structure              true
                                         structure_boolean      false
                                         structure_timing       true

cam_word_23                              flatten                false
                                         structure              true
                                         structure_boolean      false
                                         structure_timing       true

FF_WIDTH32_23                            flatten                false
                                         structure              true
                                         structure_boolean      false
                                         structure_timing       true

FF_23                                    flatten                false
                                         structure              true
                                         structure_boolean      false
                                         structure_timing       true

cam_word_24                              flatten                false
                                         structure              true
                                         structure_boolean      false
                                         structure_timing       true

FF_WIDTH32_24                            flatten                false
                                         structure              true
                                         structure_boolean      false
                                         structure_timing       true

FF_24                                    flatten                false
                                         structure              true
                                         structure_boolean      false
                                         structure_timing       true

cam_word_25                              flatten                false
                                         structure              true
                                         structure_boolean      false
                                         structure_timing       true

FF_WIDTH32_25                            flatten                false
                                         structure              true
                                         structure_boolean      false
                                         structure_timing       true

FF_25                                    flatten                false
                                         structure              true
                                         structure_boolean      false
                                         structure_timing       true

cam_word_26                              flatten                false
                                         structure              true
                                         structure_boolean      false
                                         structure_timing       true

FF_WIDTH32_26                            flatten                false
                                         structure              true
                                         structure_boolean      false
                                         structure_timing       true

FF_26                                    flatten                false
                                         structure              true
                                         structure_boolean      false
                                         structure_timing       true

cam_word_27                              flatten                false
                                         structure              true
                                         structure_boolean      false
                                         structure_timing       true

FF_WIDTH32_27                            flatten                false
                                         structure              true
                                         structure_boolean      false
                                         structure_timing       true

FF_27                                    flatten                false
                                         structure              true
                                         structure_boolean      false
                                         structure_timing       true

cam_word_28                              flatten                false
                                         structure              true
                                         structure_boolean      false
                                         structure_timing       true

FF_WIDTH32_28                            flatten                false
                                         structure              true
                                         structure_boolean      false
                                         structure_timing       true

FF_28                                    flatten                false
                                         structure              true
                                         structure_boolean      false
                                         structure_timing       true

cam_word_29                              flatten                false
                                         structure              true
                                         structure_boolean      false
                                         structure_timing       true

FF_WIDTH32_29                            flatten                false
                                         structure              true
                                         structure_boolean      false
                                         structure_timing       true

FF_29                                    flatten                false
                                         structure              true
                                         structure_boolean      false
                                         structure_timing       true

cam_word_30                              flatten                false
                                         structure              true
                                         structure_boolean      false
                                         structure_timing       true

FF_WIDTH32_30                            flatten                false
                                         structure              true
                                         structure_boolean      false
                                         structure_timing       true

FF_30                                    flatten                false
                                         structure              true
                                         structure_boolean      false
                                         structure_timing       true

cam_word_31                              flatten                false
                                         structure              true
                                         structure_boolean      false
                                         structure_timing       true

FF_WIDTH32_31                            flatten                false
                                         structure              true
                                         structure_boolean      false
                                         structure_timing       true

FF_31                                    flatten                false
                                         structure              true
                                         structure_boolean      false
                                         structure_timing       true

decoder_5_32_1                           flatten                false
                                         structure              true
                                         structure_boolean      false
                                         structure_timing       true

decoder_5_32_0                           flatten                false
                                         structure              true
                                         structure_boolean      false
                                         structure_timing       true

priority_encoder                         flatten                false
                                         structure              true
                                         structure_boolean      false
                                         structure_timing       true

mux                                      flatten                false
                                         structure              true
                                         structure_boolean      false
                                         structure_timing       true
--------------------------------------------------------------------------------
1
