 
****************************************
Report : compile_options
Design : cam
Version: F-2011.09-SP2
Date   : Tue Oct 14 15:58:13 2014
****************************************

Design                                   Compile Option         Value
--------------------------------------------------------------------------------
cam                                      flatten                false
                                         structure              true
                                         structure_boolean      false
                                         structure_timing       true
                                         fix_multiple_port_nets feedthroughs
                                                                constants
                                                                outputs
                                                                buffer_constants
                                         isolate_port           disabled

mux                                      flatten                false
                                         structure              true
                                         structure_boolean      false
                                         structure_timing       true
--------------------------------------------------------------------------------
1
