 
****************************************
Report : reference
Design : cam
Version: F-2011.09-SP2
Date   : Thu Oct  9 00:09:29 2014
****************************************

Attributes:
    b - black box (unknown)
   bo - allows boundary optimization
    d - dont_touch
   mo - map_only
    h - hierarchical
    n - noncombinational
    r - removable
    s - synthetic operator
    u - contains unmapped logic

Reference          Library       Unit Area   Count    Total Area   Attributes
-----------------------------------------------------------------------------
AND2X1             saed90nm_typ     7.372800       2    14.745600 
AND4X1             saed90nm_typ    10.137600       1    10.137600 
AO21X1             saed90nm_typ    10.137600      32   324.403198 
AO22X1             saed90nm_typ    11.980800    1026 12292.300467 
AO221X1            saed90nm_typ    12.902400      29   374.169600 
AOI22X1            saed90nm_typ    12.902400      36   464.486401 
DFFX1              saed90nm_typ    24.883200    1056 26276.658875 n
IBUFFX2            saed90nm_typ    10.137600       1    10.137600 
IBUFFX4            saed90nm_typ    12.902400       4    51.609600 
INVX0              saed90nm_typ     5.529600     106   586.137615 
MUX21X1            saed90nm_typ    11.059200     901  9964.339458 
MUX41X1            saed90nm_typ    23.040001      10   230.400009 
NAND2X0            saed90nm_typ     5.529600       5    27.648001 
NAND2X1            saed90nm_typ     5.529600      14    77.414402 
NAND3X0            saed90nm_typ     7.372800       8    58.982399 
NAND4X0            saed90nm_typ     8.294400     226  1874.534449 
NBUFFX2            saed90nm_typ     5.529600       6    33.177601 
NOR2X0             saed90nm_typ     5.529600      23   127.180803 
NOR2X1             saed90nm_typ     6.451200      60   387.072001 
NOR3X0             saed90nm_typ     8.294400       2    16.588800 
NOR4X0             saed90nm_typ     9.216000      97   893.951962 
OA21X1             saed90nm_typ     9.216000       1     9.216000 
OA22X1             saed90nm_typ    11.059200       2    22.118401 
OA221X1            saed90nm_typ    12.902400      48   619.315201 
OAI22X1            saed90nm_typ    12.902400      22   283.852800 
OAI221X1           saed90nm_typ    14.745600       1    14.745600 
OR2X1              saed90nm_typ     7.372800       4    29.491199 
OR4X1              saed90nm_typ    10.137600       1    10.137600 
mux                            7866.777395       1   7866.777395  h
-----------------------------------------------------------------------------
Total 29 references                                 62951.730636

****************************************
Design: mux 
****************************************
Reference          Library       Unit Area   Count    Total Area   Attributes
-----------------------------------------------------------------------------
AO22X1             saed90nm_typ    11.980800     512  6134.169434 
INVX0              saed90nm_typ     5.529600       5    27.648001 
NAND2X1            saed90nm_typ     5.529600       6    33.177601 
NAND3X0            saed90nm_typ     7.372800       6    44.236799 
NAND4X0            saed90nm_typ     8.294400      32   265.420807 
NOR2X0             saed90nm_typ     5.529600      33   182.476805 
NOR4X0             saed90nm_typ     9.216000     128  1179.647949 
-----------------------------------------------------------------------------
Total 7 references                                   7866.777395
1
